["```\n# **parted -l**\nModel: ATA KINGSTON SM2280S (scsi)\n1 Disk /dev/sda: 240GB\nSector size (logical/physical): 512B/512B\nPartition Table: msdos\nDisk Flags: \n\nNumber  Start   End    Size    Type      File system     Flags\n 1      1049kB  223GB  223GB   primary   ext4            boot\n 2      223GB   240GB  17.0GB  extended\n 5      223GB   240GB  17.0GB  logical   linux-swap(v1)\n\nModel: Generic Flash Disk (scsi)\n2 Disk /dev/sdf: 4284MB\nSector size (logical/physical): 512B/512B\nPartition Table: gpt\nDisk Flags: \n\nNumber  Start   End     Size    File system  Name      Flags\n 1      1049kB  1050MB  1049MB               myfirst\n 2      1050MB  4284MB  3235MB               mysecond\n```", "```\nModel: ATA VBOX HARDDISK (scsi)\nDisk /dev/sda: 10.7GB\nSector size (logical/physical): 512B/512B\nPartition Table: msdos\nDisk Flags: \n\nNumber  Start   End     Size    Type     File system  Flags\n 1      1049kB  10.7GB  10.7GB  primary               boot, lvm\n```", "```\nModel: Linux device-mapper (linear) (dm)\nDisk /dev/mapper/ubuntu--vg-swap_1: 1023MB\nSector size (logical/physical): 512B/512B\nPartition Table: loop\nDisk Flags: \n\nNumber  Start  End     Size    File system     Flags\n 1      0.00B  1023MB  1023MB  linux-swap(v1)\n\nModel: Linux device-mapper (linear) (dm)\nDisk /dev/mapper/ubuntu--vg-root: 9672MB\nSector size (logical/physical): 512B/512B\nPartition Table: loop\nDisk Flags: \n\nNumber  Start  End     Size    File system  Flags\n 1      0.00B  9672MB  9672MB  ext4\n```", "```\n sda: sda1 sda2 < sda5 >\n```", "```\nsdf: sdf1 sdf2\n```", "```\n# **fdisk /dev/sdd**\n```", "```\nCommand (m for help):\n```", "```\nCommand (m for help): **p**\nDisk /dev/sdd: 4 GiB, 4284481536 bytes, 8368128 sectors\nUnits: sectors of 1 * 512 = 512 bytes\nSector size (logical/physical): 512 bytes / 512 bytes\nI/O size (minimum/optimal): 512 bytes / 512 bytes\nDisklabel type: dos\nDisk identifier: 0x88f290cc\n\nDevice     Boot Start     End Sectors Size Id Type\n/dev/sdd1        2048 8368127 8366080   4G  c W95 FAT32 (LBA)\n```", "```\nCommand (m for help): **d**\nSelected partition 1\nPartition 1 has been deleted.\n```", "```\nCommand (m for help): **n**\nPartition type\n   p   primary (0 primary, 0 extended, 4 free)\n   e   extended (container for logical partitions)\nSelect (default p): **p**\nPartition number (1-4, default 1): `1`\nFirst sector (2048-8368127, default 2048): **2048**\nLast sector, +sectors or +size{K,M,G,T,P} (2048-8368127, default 8368127): **+200M**\n\nCreated a new partition 1 of type 'Linux' and of size 200 MiB.\n```", "```\nCommand (m for help): **p**\n[--snip--]\nDevice     Boot  Start     End Sectors  Size Id Type\n/dev/sdd1         2048  411647  409600  200M 83 Linux\n/dev/sdd2       411648 8368127 7956480  3.8G 83 Linux\n```", "```\nCommand (m for help): **w**\nThe partition table has been altered.\nCalling ioctl() to re-read partition table.\nSyncing disks.\n```", "```\n$ **cat /sys/block/sdf/sdf2/start**\n1953126\n```", "```\n# **mkfs -t ext4 /dev/sdf2**\n```", "```\n$ **mount**\n/dev/sda1 on / type ext4 (rw,errors=remount-ro)\nproc on /proc type proc (rw,noexec,nosuid,nodev)\nsysfs on /sys type sysfs (rw,noexec,nosuid,nodev)\nfusectl on /sys/fs/fuse/connections type fusectl (rw)\ndebugfs on /sys/kernel/debug type debugfs (rw)\nsecurityfs on /sys/kernel/security type securityfs (rw)\nudev on /dev type devtmpfs (rw,mode=0755)\ndevpts on /dev/pts type devpts (rw,noexec,nosuid,gid=5,mode=0620)\ntmpfs on /run type tmpfs (rw,noexec,nosuid,size=10%,mode=0755)\n--`snip`--\n```", "```\n`#` **mount -t** `type device mountpoint`\n```", "```\n# **mount -t ext4 /dev/sdf2 /home/extra**\n```", "```\n# **umount** `mountpoint`\n```", "```\n# **blkid**\n/dev/sdf2: UUID=\"b600fe63-d2e9-461c-a5cd-d3b373a5e1d2\" TYPE=\"ext4\" \n/dev/sda1: UUID=\"17f12d53-c3d7-4ab3-943e-a0a72366c9fa\" TYPE=\"ext4\" PARTUUID=\"c9a5ebb0-01\"\n/dev/sda5: UUID=\"b600fe63-d2e9-461c-a5cd-d3b373a5e1d2\" TYPE=\"swap\" PARTUUID=\"c9a5ebb0-05\"\n/dev/sde1: UUID=\"4859-EFEA\" TYPE=\"vfat\"\n```", "```\n# **mount UUID=b600fe63-d2e9-461c-a5cd-d3b373a5e1d2 /home/extra**\n```", "```\n# **mount -t vfat /dev/sde1 /dos -o ro,uid=1000**\n```", "```\n# **mount -n -o remount /**\n```", "```\nUUID=70ccd6e7-6ae6-44f6-812c-51aab8036d29 / ext4 errors=remount-ro 0 1\nUUID=592dcfd1-58da-4769-9ea8-5f412a896980 none swap sw 0 0\n/dev/sr0 /cdrom iso9660  ro,user,nosuid,noauto 0 0\n```", "```\n# **mount -a**\n```", "```\n$ **df**\nFilesystem           1K-blocks      Used  Available Use% Mounted on\n/dev/sda1            214234312 127989560   75339204  63% /\n/dev/sdd2              3043836      4632    2864872   1% /media/user/uuid\n```", "```\n# **fsck /dev/sdb1**\n```", "```\nPass 1: Checking inodes, blocks, and sizes\nPass 2: Checking directory structure\nPass 3: Checking directory connectivity\nPass 4: Checking reference counts\nPass 5: Checking group summary information\n/dev/sdb1: 11/1976 files (0.0% non-contiguous), 265/7891 blocks\n```", "```\n# **e2fsck â€“fy /dev/**`disk_device`\n```", "```\n$ **free**\n             total       used       free\n--`snip`--\nSwap:       514072     189804     324268\n```", "```\n/dev/sda5 none swap sw 0 0\n```", "```\n# **dd if=/dev/zero of=**`swap_file` **bs=1024k count=**`num_mb`\n# **mkswap** `swap_file`\n# **swapon** `swap_file`\n```", "```\n# **vgs**\n  VG        #PV #LV #SN Attr   VSize   VFree \n  ubuntu-vg   1   2   0 wz--n- <10.00g 36.00m\n```", "```\n# **vgdisplay**\n  --- Volume group ---\n  VG Name               ubuntu-vg\n  System ID             \n  Format                lvm2\n  Metadata Areas        1\n  Metadata Sequence No  3\n  VG Access             read/write\n  VG Status             resizable\n  MAX LV                0\n  Cur LV                2\n  Open LV               2\n  Max PV                0\n  Cur PV                1\n  Act PV                1\n  VG Size               <10.00 GiB\n  PE Size               4.00 MiB\n  Total PE              2559\n  Alloc PE / Size       2550 / 9.96 GiB\n  Free  PE / Size       9 / 36.00 MiB\n  VG UUID               0zs0TV-wnT5-laOy-vJ0h-rUae-YPdv-pPwaAs\n```", "```\n# **lvs**\n  LV     VG        Attr       LSize   Pool Origin Data%  Meta%  Move Log Cpy%Sync Convert\n  root   ubuntu-vg -wi-ao----  <9.01g\n  swap_1 ubuntu-vg -wi-ao---- 976.00m\n```", "```\n# **lvdisplay /dev/ubuntu-vg/root**\n  --- Logical volume ---\n  LV Path                /dev/ubuntu-vg/root\n  LV Name                root\n  VG Name                ubuntu-vg\n  LV UUID                CELZaz-PWr3-tr3z-dA3P-syC7-KWsT-4YiUW2\n  LV Write Access        read/write\n  LV Creation host, time ubuntu, 2018-11-13 15:48:20 -0500\n  LV Status              available\n  # open                 1\n  LV Size                <9.01 GiB\n  Current LE             2306\n Segments               1\n  Allocation             inherit\n  Read ahead sectors     auto\n  - currently set to     256\n  Block device           253:0\n```", "```\n$ **ls -l /dev/ubuntu-vg/root**\nlrwxrwxrwx 1 root root 7 Nov 14 06:58 /dev/ubuntu-vg/root -> ../dm-0\n```", "```\n# **pvs**\n  PV         VG        Fmt  Attr PSize   PFree \n  /dev/sda1  ubuntu-vg lvm2 a--  <10.00g 36.00m\n```", "```\n# **pvdisplay**\n  --- Physical volume ---\n  PV Name               /dev/sda1\n  VG Name               ubuntu-vg\n  PV Size               <10.00 GiB / not usable 2.00 MiB\n  Allocatable           yes \n  PE Size               4.00 MiB\n  Total PE              2559\n  Free PE               9\n  Allocated PE          2550\n  PV UUID               v2Qb1A-XC2e-2G4l-NdgJ-lnan-rjm5-47eMe5\n```", "```\n# **parted /dev/sdb print**\nModel: ATA VBOX HARDDISK (scsi)\nDisk /dev/sdb: 5616MB\nSector size (logical/physical): 512B/512B\nPartition Table: msdos\nDisk Flags: \n\nNumber  Start   End     Size    Type     File system  Flags\n 1      1049kB  5616MB  5615MB  primary               lvm\n# **parted /dev/sdc print**\nModel: ATA VBOX HARDDISK (scsi)\nDisk /dev/sdc: 16.0GB\nSector size (logical/physical): 512B/512B\nPartition Table: msdos\nDisk Flags: \n\nNumber  Start   End     Size    Type     File system  Flags\n 1      1049kB  16.0GB  16.0GB  primary               lvm\n```", "```\n# **vgcreate myvg /dev/sdb1**\n  Physical volume \"/dev/sdb1\" successfully created.\n  Volume group \"myvg\" successfully created\n```", "```\n# **vgs**\n  VG   #PV #LV #SN Attr   VSize  VFree \n  myvg   1   0   0 wz--n- <5.23g <5.23g\n```", "```\n# **vgextend myvg /dev/sdc1**\n  Physical volume \"/dev/sdc1\" successfully created.\n  Volume group \"myvg\" successfully extended\n```", "```\n# **vgs**\n  VG    #PV #LV #SN Attr   VSize   VFree  \n  my-vg   2   0   0 wz--n- <20.16g <20.16g\n```", "```\n# **lvcreate --size 10g --type linear -n mylv1 myvg**\n  Logical volume \"mylv1\" created.\n# **lvcreate --size 10g --type linear -n mylv2 myvg**\n  Logical volume \"mylv2\" created.\n```", "```\n# **vgdisplay myvg**\n  --- Volume group ---\n  VG Name               myvg\n  System ID             \n  Format                lvm2\n  Metadata Areas        2\n  Metadata Sequence No  4\n  VG Access             read/write\n  VG Status             resizable\n  MAX LV                0\n  Cur LV                2\n  Open LV               0\n  Max PV                0\n  Cur PV                2\n  Act PV                2\n  VG Size               20.16 GiB\n  PE Size               4.00 MiB\n  Total PE              5162\n  Alloc PE / Size       5120 / 20.00 GiB\n Free  PE / Size       42 / 168.00 MiB\n  VG UUID               1pHrOe-e5zy-TUtK-5gnN-SpDY-shM8-Cbokf3\n```", "```\n# **mkfs -t ext4 /dev/mapper/myvg-mylv1**\nmke2fs 1.44.1 (24-Mar-2018)\nCreating filesystem with 2621440 4k blocks and 655360 inodes\nFilesystem UUID: 83cc4119-625c-49d1-88c4-e2359a15a887\nSuperblock backups stored on blocks: \n        32768, 98304, 163840, 229376, 294912, 819200, 884736, 1605632\nAllocating group tables: done\nWriting inode tables: done\nCreating journal (16384 blocks): done\nWriting superblocks and filesystem accounting information: done \n# **mount /dev/mapper/myvg-mylv1 /mnt**\n# **df /mnt**\nFilesystem             1K-blocks  Used Available Use% Mounted on\n/dev/mapper/myvg-mylv1  10255636 36888   9678076   1% /mnt\n```", "```\n# **lvremove myvg/mylv2**\nDo you really want to remove and DISCARD active logical volume myvg/mylv2? [y/n]: **y**\n  Logical volume \"mylv2\" successfully removed\n```", "```\n# **lvresize -l +2602 myvg/mylv1**\n  Size of logical volume myvg/mylv1 changed from 10.00 GiB (2560 extents) to 20.16 GiB (5162 extents).\n  Logical volume myvg/mylv1 successfully resized.\n```", "```\n# **fsadm -v resize /dev/mapper/myvg-mylv1** \nfsadm: \"ext4\" filesystem found on \"/dev/mapper/myvg-mylv1\".\nfsadm: Device \"/dev/mapper/myvg-mylv1\" size is 21650997248 bytes\nfsadm: Parsing tune2fs -l \"/dev/mapper/myvg-mylv1\"\nfsadm: Resizing filesystem on device \"/dev/mapper/myvg-mylv1\" to 21650997248 bytes (2621440 -> 5285888 blocks of 4096 bytes)\nfsadm: Executing resize2fs /dev/mapper/myvg-mylv1 5285888\nresize2fs 1.44.1 (24-Mar-2018)\nFilesystem at /dev/mapper/myvg-mylv1 is mounted on /mnt; on-line resizing required\nold_desc_blocks = 2, new_desc_blocks = 3\nThe filesystem on /dev/mapper/myvg-mylv1 is now 5285888 (4k) blocks long.\n```", "```\n# **lvresize -r -l +100%FREE myvg/mylv1**\n```", "```\n# **dmsetup info**\nName:              myvg-mylv1\nState:             ACTIVE\nRead Ahead:        256\nTables present:    LIVE\nOpen count:        0\nEvent number:      0\nMajor, minor:      253, 1\nNumber of targets: 2\nUUID: LVM-1pHrOee5zyTUtK5gnNSpDYshM8Cbokf3OfwX4T0w2XncjGrwct7nwGhpp7l7J5aQ\n```", "```\n# **dmsetup table**\nmyvg-mylv2: 0 10960896 linear 8:17 2048\nmyvg-mylv2: 10960896 10010624 linear 8:33 20973568\nmyvg-mylv1: 0 20971520 linear 8:33 2048\n```", "```\n# **dmsetup table**\nmyvg-mylv1: 0 31326208 linear 8:33 2048\nmyvg-mylv1: 31326208 10960896 linear 8:17 2048\n```", "```\n$ **mkdir dir_1**\n$ **mkdir dir_2**\n$ **echo a > dir_1/file_1**\n$ **echo b > dir_1/file_2**\n$ **echo c > dir_1/file_3**\n$ **echo d > dir_2/file_4**\n$ **ln dir_1/file_3 dir_2/file_5**\n```", "```\n$ **ls -i**\n  12 dir_1  7633 dir_2\n```"]