["```\n# lshw -businfo\n```", "```\n# lshw -businfo -class storage\nBus info          Device     Class          Description\n=======================================================\n...\nusb@2:5.2         scsi22     storage        Forensic SATA/IDE Bridge\n...\n# lshw -businfo -class disk\nBus info          Device     Class          Description\n=======================================================\n...\nscsi@22:0.0.0     /dev/sdp   disk           120GB SSD 850\n...\n```", "```\n# lspci\n```", "```\n# lspci -d ::0106\n```", "```\n# for i in 00 01 04 05 06 07 08; do lspci -d ::01$i; done\n```", "```\n# lspci -d ::0C03\n```", "```\n# for i in 00 03 04; do lspci -d ::0C$i; done\n```", "```\n# lsusb\n...\nBus 001 Device 005: ID 0951:1665 Kingston Technology\nBus 001 Device 002: ID 8087:0024 Intel Corp. Integrated Rate Matching Hub\nBus 001 Device 001: ID 1d6b:0002 Linux Foundation 2.0 root hub\n```", "```\n# lsusb -vd 0781:5583\n\nBus 004 Device 002: ID 0781:5583 SanDisk Corp.\n...\n  idVendor           0x0781 SanDisk Corp.\n  idProduct          0x5583\n  bcdDevice            1.00\n  iManufacturer           1 SanDisk\n  iProduct                2 Ultra Fit\n  iSerial                 3 4C530001200627113025\n...\n    wSpeedsSupported   0x000e\n      Device can operate at Full Speed (12Mbps)\n      Device can operate at High Speed (480Mbps)\n      Device can operate at SuperSpeed (5Gbps)\n...\n```", "```\n# lsscsi -v\n...\n[6:0:0:0]    disk    ATA      INTEL SSDSA2CW30 0302  /dev/sda\n  dir: /sys/bus/scsi/devices/6:0:0:0  [/sys/devices/pci0000:00/0000:00:1f.2/ata7/\n    host6/target6:0:0/6:0:0:0]\n...\n```", "```\n# dmesg -T\n...\n[Sun May 15 13:44:45 2016] usb 2-1: new SuperSpeed USB device number 9 using\n    xhci_hcd\n[Sun May 15 13:44:45 2016] usb 2-1: New USB device found, idVendor=0781,\n    idProduct=5583\n[Sun May 15 13:44:45 2016] usb 2-1: New USB device strings: Mfr=1, Product=2,\n    SerialNumber=3\n[Sun May 15 13:44:45 2016] usb 2-1: Product: Ultra Fit\n[Sun May 15 13:44:45 2016] usb 2-1: Manufacturer: SanDisk\n[Sun May 15 13:44:45 2016] usb 2-1: SerialNumber: 4C530001141203113173\n[Sun May 15 13:44:45 2016] usb-storage 2-1:1.0: USB Mass Storage device detected\n[Sun May 15 13:44:45 2016] scsi host24: usb-storage 2-1:1.0\n[Sun May 15 13:44:46 2016] scsi 24:0:0:0: Direct-Access     SanDisk  Ultra Fit\n    1.00 PQ: 0 ANSI: 6\n[Sun May 15 13:44:46 2016] sd 24:0:0:0: Attached scsi generic sg5 type 0\n[Sun May 15 13:44:46 2016] sd 24:0:0:0: [sdf] 30375936 512-byte logical blocks:\n    (15.6 GB/14.5 GiB)\n[Sun May 15 13:44:46 2016] sd 24:0:0:0: [sdf] Write Protect is off\n[Sun May 15 13:44:46 2016] sd 24:0:0:0: [sdf] Mode Sense: 43 00 00 00\n[Sun May 15 13:44:46 2016] sd 24:0:0:0: [sdf] Write cache: disabled, read cache:\n    enabled, doesn't support DPO or FUA\n[Sun May 15 13:44:46 2016]  sdf: sdf1\n[Sun May 15 13:44:46 2016] sd 24:0:0:0: [sdf] Attached SCSI removable disk\n```", "```\n# lsblk -pd -o TRAN,NAME,SERIAL,VENDOR,MODEL,REV,WWN,SIZE,HCTL,SUBSYSTEMS,HCTL\n```", "```\n# tableau-parm /dev/sdc > write-blocked.txt\n```", "```\n# blockdev --report /dev/sda > wrtblk.txt\n```", "```\n# lsusb -v -s 2:2 > lsusb.txt\n# lsusb -v -d 13fe:5200 > lsusb.txt\n```", "```\n# lsblk -O /dev/sda > lsblk.txt\n```", "```\n# lsscsi -vtg -L 16:0:0:0 > lsscsi.txt\n```", "```\n# hdparm -I /dev/sda\n\n/dev/sda:\n\nATA device, with non-removable media\n        Model Number:       WDC WD20EZRX-00D8PB0\n        Serial Number:      WD-WCC4NDA2N98P\n        Firmware Revision:  80.00A80\n        Transport:          Serial, SATA 1.0a, SATA II Extensions, SATA Rev 2.5,\n    SATA Rev 2.6, SATA Rev 3.0\nStandards:\n        Supported: 9 8 7 6 5\n        Likely used: 9\nConfiguration:\n        Logical         max     current\n        cylinders       16383   16383\n        heads           16      16\n        sectors/track   63      63\n        --\n        CHS current addressable sectors:   16514064\n        LBA    user addressable sectors:  268435455\n        LBA48  user addressable sectors: 3907029168\n        Logical Sector size:                    512 bytes\n        Physical Sector size:                  4096 bytes\n        device size with M = 1024*1024:     1907729 MBytes\n        device size with M = 1000*1000:     2000398 MBytes (2000 GB)\n        cache/buffer size  = unknown\n        Nominal Media Rotation Rate: 5400\nCapabilities:\n        LBA, IORDY(can be disabled)\n        Queue depth: 32\n        Standby timer values: spec'd by Standard, with device specific minimum\n        R/W multiple sector transfer: Max = 16  Current = 16\n        DMA: mdma0 mdma1 mdma2 udma0 udma1 udma2 udma3 udma4 udma5 *udma6\n             Cycle time: min=120ns recommended=120ns\n        PIO: pio0 pio1 pio2 pio3 pio4\n             Cycle time: no flow control=120ns  IORDY flow control=120ns\n...\n```", "```\n...\nCommands/features:\n        Enabled Supported:\n           *    SMART feature set\n                Security Mode feature set\n           *    Power Management feature set\n           *    Write cache\n           *    Look-ahead\n           *    Host Protected Area feature set\n           *    WRITE_BUFFER command\n           *    READ_BUFFER command\n           *    NOP cmd\n           *    DOWNLOAD_MICROCODE\n                Power-Up In Standby feature set\n           *    SET_FEATURES required to spinup after power up\n                SET_MAX security extension\n           *    48-bit Address feature set\n           *    Device Configuration Overlay feature set\n           *    Mandatory FLUSH_CACHE\n           *    FLUSH_CACHE_EXT\n           *    SMART error logging\n           *    SMART self-test\n           *    General Purpose Logging feature set\n           *    64-bit World wide name\n           *    WRITE_UNCORRECTABLE_EXT command\n           *    {READ,WRITE}_DMA_EXT_GPL commands\n           *    Segmented DOWNLOAD_MICROCODE\n           *    Gen1 signaling speed (1.5Gb/s)\n           *    Gen2 signaling speed (3.0Gb/s)\n           *    Gen3 signaling speed (6.0Gb/s)\n           *    Native Command Queueing (NCQ)\n           *    Host-initiated interface power management\n           *    Phy event counters\n           *    NCQ priority information\n           *    READ_LOG_DMA_EXT equivalent to READ_LOG_EXT\n           *    DMA Setup Auto-Activate optimization\n                Device-initiated interface power management\n           *    Software settings preservation\n           *    SMART Command Transport (SCT) feature set\n           *    SCT Write Same (AC2)\n           *    SCT Features Control (AC4)\n           *    SCT Data Tables (AC5)\n                unknown 206[12] (vendor specific)\n                unknown 206[13] (vendor specific)\n                unknown 206[14] (vendor specific)\n...\n```", "```\n...\nSecurity:\n        Master password revision code = 65534\n                supported\n        not     enabled\n        not     locked\n        not     frozen\n        not     expired: security count\n                supported: enhanced erase\n        324min for SECURITY ERASE UNIT. 324min for ENHANCED SECURITY ERASE UNIT.\n...\n```", "```\n...\nLogical Unit WWN Device Identifier: 50014ee25fcfe40c\n        NAA             : 5\n        IEEE OUI        : 0014ee\n        Unique ID       : 25fcfe40c\nChecksum: correct\n```", "```\n# smartctl -x /dev/sda\nsmartctl 6.4 2014-10-07 r4002 [x86_64-linux-4.2.0-22-generic] (local build)\nCopyright (C) 2002-14, Bruce Allen, Christian Franke, www.smartmontools.org\n\n=== START OF INFORMATION SECTION ===\nModel Family:     Western Digital Green\nDevice Model:     WDC WD20EZRX-00D8PB0\nSerial Number:    WD-WCC4NDA2N98P\nLU WWN Device Id: 5 0014ee 25fcfe40c\nFirmware Version: 80.00A80\nUser Capacity:    2,000,398,934,016 bytes [2.00 TB]\nSector Sizes:     512 bytes logical, 4096 bytes physical\nRotation Rate:    5400 rpm\nDevice is:        In smartctl database [for details use: -P show]\nATA Version is:   ACS-2 (minor revision not indicated)\nSATA Version is:  SATA 3.0, 6.0 Gb/s (current: 6.0 Gb/s)\nLocal Time is:    Thu Jan 7 12:33:43 2016 CET\nSMART support is: Available - device has SMART capability.\nSMART support is: Enabled\nAAM feature is:   Unavailable\nAPM feature is:   Unavailable\nRd look-ahead is: Enabled\nWrite cache is:   Enabled\nATA Security is:  Disabled, NOT FROZEN [SEC1]\nWt Cache Reorder: Enabled\n...\n```", "```\n...\n=== START OF READ SMART DATA SECTION ===\nSMART overall-health self-assessment test result: PASSED\n\nGeneral SMART Values:\nOffline data collection status:  (0x82) Offline data collection activity\n                                        was completed without error.\n                                        Auto Offline Data Collection: Enabled.\nSelf-test execution status:      (   0) The previous self-test routine completed\n                                        without error or no self-test has ever\n                                        been run.\nTotal time to complete Offline\ndata collection:                (30480) seconds.\nOffline data collection\ncapabilities:                    (0x7b) SMART execute Offline immediate.\n                                        Auto Offline data collection on/off support.\n                                        Suspend Offline collection upon new\n                                        command.\n                                        Offline surface scan supported.\n                                        Self-test supported.\n                                        Conveyance Self-test supported.\n                                        Selective Self-test supported.\nSMART capabilities:            (0x0003) Saves SMART data before entering\n                                        power-saving mode.\n                                        Supports SMART auto save timer.\nError logging capability:        (0x01) Error logging supported.\n                                        General Purpose Logging supported.\nShort self-test routine\nrecommended polling time:        (   2) minutes.\nExtended self-test routine\nrecommended polling time:        ( 307) minutes.\nConveyance self-test routine\nrecommended polling time:        (   5) minutes.\nSCT capabilities:              (0x7035) SCT Status supported.\n                                        SCT Feature Control supported.\n                                        SCT Data Table supported.\n...\n```", "```\n...\nSMART Attributes Data Structure revision number: 16\nVendor Specific SMART Attributes with Thresholds:\nID# ATTRIBUTE_NAME          FLAGS    VALUE WORST THRESH FAIL RAW_VALUE\n  1 Raw_Read_Error_Rate     POSR-K   200   200   051    -    0\n  3 Spin_Up_Time            POS--K   181   180   021    -    5908\n  4 Start_Stop_Count        -O--CK   100   100   000    -    61\n  5 Reallocated_Sector_Ct   PO--CK   200   200   140    -    0\n  7 Seek_Error_Rate         -OSR-K   200   200   000    -    0\n  9 Power_On_Hours          -O--CK   099   099   000    -    989\n 10 Spin_Retry_Count        -O--CK   100   253   000    -    0\n 11 Calibration_Retry_Count -O--CK   100   253   000    -    0\n 12 Power_Cycle_Count       -O--CK   100   100   000    -    59\n192 Power-Off_Retract_Count -O--CK   200   200   000    -    33\n193 Load_Cycle_Count        -O--CK   199   199   000    -    3721\n194 Temperature_Celsius     -O---K   119   110   000    -    31\n196 Reallocated_Event_Count -O--CK   200   200   000    -    0\n197 Current_Pending_Sector  -O--CK   200   200   000    -    4\n198 Offline_Uncorrectable   ----CK   200   200   000    -    4\n199 UDMA_CRC_Error_Count    -O--CK   200   200   000    -    0\n200 Multi_Zone_Error_Rate   ---R--   200   200   000    -    4\n                            ||||||_ K auto-keep\n                            |||||__ C event count\n                            ||||___ R error rate\n                            |||____ S speed/performance\n                            ||_____ O updated online\n                            |______ P prefailure warning\n...\n```", "```\n...\nGeneral Purpose Log Directory Version 1\nSMART           Log Directory Version 1 [multi-sector log support]\nAddress    Access  R/W   Size  Description\n0x00       GPL,SL  R/O      1  Log Directory\n0x01           SL  R/O      1  Summary SMART error log\n0x02           SL  R/O      5  Comprehensive SMART error log\n0x03       GPL     R/O      6  Ext. Comprehensive SMART error log\n0x06           SL  R/O      1  SMART self-test log\n0x07       GPL     R/O      1  Extended self-test log\n0x09           SL  R/W      1  Selective self-test log\n0x10       GPL     R/O      1  SATA NCQ Queued Error log\n0x11       GPL     R/O      1  SATA Phy Event Counters log\n0x80-0x9f  GPL,SL  R/W     16  Host vendor specific log\n0xa0-0xa7  GPL,SL  VS      16  Device vendor specific log\n0xa8-0xb7  GPL,SL  VS       1  Device vendor specific log\n0xbd       GPL,SL  VS       1  Device vendor specific log\n0xc0       GPL,SL  VS       1  Device vendor specific log\n0xc1       GPL     VS      93  Device vendor specific log\n0xe0       GPL,SL  R/W      1  SCT Command/Status\n0xe1       GPL,SL  R/W      1  SCT Data Transfer\n...\n```", "```\n...\nSMART Extended Comprehensive Error Log Version: 1 (6 sectors)\nNo Errors Logged\n\nSMART Extended Self-test Log Version: 1 (1 sectors)\nNum  Test_Description  Status                 Remaining LifeTime(hours)  LBA_of...\n# 1  Short offline     Completed without error      00%        0         -\n\nSMART Selective self-test log data structure revision number 1\n SPAN  MIN_LBA  MAX_LBA  CURRENT_TEST_STATUS\n    1        0        0  Not_testing\n    2        0        0  Not_testing\n    3        0        0  Not_testing\n    4        0        0  Not_testing\n    5        0        0  Not_testing\nSelective self-test flags (0x0):\n  After scanning selected spans, do NOT read-scan remainder of disk.\nIf Selective self-test is pending on power-up, resume after 0 minute delay.\n\nSCT Status Version:                  3\nSCT Version (vendor specific):       258 (0x0102)\nSCT Support Level:                   1\nDevice State:                        Active (0)\n...\n```", "```\n...\nCurrent Temperature:                    31 Celsius\nPower Cycle Min/Max Temperature:     22/31 Celsius\nLifetime    Min/Max Temperature:     20/41 Celsius\nUnder/Over Temperature Limit Count:   0/0\nVendor specific:\n01 00 00 00 00 00 00 00 00 00 00 00 00 00 00 00\n00 00 00 00 00 00 00 00 00 00 00 00 00 00 00 00\n...\n```", "```\n...\nSCT Temperature History Version:     2\nTemperature Sampling Period:         1 minute\nTemperature Logging Interval:        1 minute\nMin/Max recommended Temperature:      0/60 Celsius\nMin/Max Temperature Limit:           -41/85 Celsius\nTemperature History Size (Index):    478 (175)\n\nIndex    Estimated Time   Temperature Celsius\n 176    2016-01-07 05:00     ?  -\n ...    ..(300 skipped).    ..  -\n 477    2016-01-07 10:01     ?  -\n   0    2016-01-07 10:02    29  **********\n   1    2016-01-07 10:03    30  ***********\n ...    ..( 68 skipped).    ..  ***********\n  70    2016-01-07 11:12    30  ***********\n  71    2016-01-07 11:13    31  ************\n ...    ..(103 skipped).    ..  ************\n 175    2016-01-07 12:57    31  ************\n...\n```", "```\n...\nSCT Error Recovery Control command not supported\n\nDevice Statistics (GP/SMART Log 0x04) not supported\n\nSATA Phy Event Counters (GP Log 0x11)\nID      Size     Value  Description\n0x0001  2            0  Command failed due to ICRC error\n0x0002  2            0  R_ERR response for data FIS\n0x0003  2            0  R_ERR response for device-to-host data FIS\n0x0004  2            0  R_ERR response for host-to-device data FIS\n0x0005  2            0  R_ERR response for non-data FIS\n0x0006  2            0  R_ERR response for device-to-host non-data FIS\n0x0007  2            0  R_ERR response for host-to-device non-data FIS\n0x0008  2            0  Device-to-host non-data FIS retries\n0x0009  2            6  Transition from drive PhyRdy to drive PhyNRdy\n0x000a  2            6  Device-to-host register FISes sent due to a COMRESET\n0x000b  2            0  CRC errors within host-to-device FIS\n0x000f  2            0  R_ERR response for host-to-device data FIS, CRC\n0x0012  2            0  R_ERR response for host-to-device non-data FIS, CRC\n0x8000  4        14532  Vendor specific\n```", "```\n# hdparm -I /dev/sdl\n\n/dev/sdl:\nATA device, with non-removable media\n       Model Number:        WDC WD5003AZEX-00MK2A0\n...\n       LBA48  user addressable sectors:  926773168\n       Logical  Sector size:                   512 bytes\n       Physical Sector size:                  4096 bytes\n       device size with M = 1024*1024:      452525 MBytes\n       device size with M = 1000*1000:      474507 MBytes (474 GB)\n...\n          * Device Configuration Overlay feature set\n...\n```", "```\n# hdparm --dco-identify /dev/sdl\n\n/dev/sdl:\nDCO Revision: 0x0002\nThe following features can be selectively disabled via DCO:\n        Transfer modes:\n                 udma0 udma1 udma2 udma3 udma4 udma5 udma6\n        Real max sectors: 976773168\n        ATA command/feature sets:\n                 security HPA\n        SATA command/feature sets:\n                 NCQ interface_power_management SSP\n```", "```\n# hdparm -I /dev/sdl\n\n/dev/sdl:\n\nATA device, with non-removable media\n        Model Number:       WDC WD5003AZEX-00MK2A0\n...\nSecurity:\n...\n        not   locked\n        not   frozen\n...\n```", "```\n# hdparm --dco-restore /dev/sdl\n\n/dev/sdl:\nUse of --dco-restore is VERY DANGEROUS.\nYou are trying to deliberately reset your drive configuration back to the factory\n    defaults.\nThis may change the apparent capacity and feature set of the drive, making all data\n    on it inaccessible.\nYou could lose *everything*.\nPlease supply the --yes-i-know-what-i-am-doing flag if you really want this.\nProgram aborted.\n```", "```\n# hdparm --yes-i-know-what-i-am-doing --dco-restore /dev/sdl\n\n/dev/sdl:\nissuing DCO restore command\n```", "```\n# hdparm -I /dev/sdl\n\n/dev/sdl:\n\nATA device, with non-removable media\n        Model Number:       WDC WD5003AZEX-00MK2A0\n...\n        LBA48  user addressable sectors:  976773168\n        Logical  Sector size:                   512 bytes\n        Physical Sector size:                  4096 bytes\n        device size with M = 1024*1024:      476940 MBytes\n        device size with M = 1000*1000:      500107 MBytes (500 GB)\n...\n```", "```\n# hdparm -N /dev/sdl\n\n/dev/sdl:\n max sectors   = 879095852/976773168, HPA is enabled\n```", "```\n# hdparm --yes-i-know-what-i-am-doing -N 976773168 /dev/sdl\n\n/dev/sdl:\n setting max visible sectors to 976773168 (temporary)\n max sectors   = 976773168/976773168, HPA is disabled\n```", "```\n# hdparm --yes-i-know-what-i-am-doing -N p976773168 /dev/sdl\n\n/dev/sdl:\n setting max visible sectors to 976773168 (permanent)\n max sectors   = 976773168/976773168, HPA is disabled\n```", "```\n$ cu -s 38400 -l /dev/ttyUSB0\nConnected.\n\nBoot 0x10M\n Spin Up[0x00000000][0x0000B67C][0x0000BA10]\n Trans.\n\nRst 0x10M\n MC Internal LPC Process\n Spin Up\n(P) SATA Reset\n\nASCII Diag mode\n\nF3 T>\n```", "```\nF3 2>x\n\nUser Partition\n\n LBAs 000000000000-0000075D672E\n PBAs 000000000000-0000076F8EDD\n HdSkew 006E, CylSkew 002D\n ZonesPerHd 11\n\n Head 0, PhyCyls 000000-040001, LogCyls 000000-03F19C\n\n     Physical      Logical       Sec   Sym   Sym      Data\n  Zn Cylinders     Cylinders     Track Wedge Track    Rate\n  00 000000-0003FB 000000-0003FB 010F  0D77  000F4D40 1263.750\n  01 0003FC-005A41 0003FC-005A41 0130  0F1A  00112A40 1417.500\n...\n\n Head 1, PhyCyls 000000-039877, LogCyls 000000-038B61\n\n     Physical      Logical       Sec   Sym   Sym      Data\n  Zn Cylinders     Cylinders     Track Wedge Track    Rate\n  00 000000-00035B 000000-00035B 0130  0F16  001124A0 1415.625\n  01 00035C-004E72 00035C-004E72 0145  1025  00125E80 1516.875\n...\nSystem Partition\n\n LBAs 000000000000-0000000972CF\n PBAs 000000000000-00000009811F\n HdSkew 006E, CylSkew 0018\n ZonesPerHd 02\n\n Head 0, PhyCyls 040002-040155, LogCyls 000000-000152\n\n     Physical      Logical       Sec   Sym   Sym      Data\n  Zn Cylinders     Cylinders     Track Wedge Track    Rate\n  00 040002-0400AB 000000-0000A9 0394  063D  00072AE0  592.500\n  01 0400AC-040155 0000AA-000152 0394  063D  00072AE0  592.500\n\n Head 1, PhyCyls 039878-0399CB, LogCyls 000000-000152\n\n     Physical      Logical       Sec   Sym   Sym      Data\n  Zn Cylinders     Cylinders     Track Wedge Track    Rate\n  00 039878-039921 000000-0000A9 0394  063D  00072AE0  592.500\n  01 039922-0399CB 0000AA-000152 0394  063D  00072AE0  592.500\n```", "```\n# hdparm -I /dev/sda\n...\nCommands/features:\n        Enabled Supported:\n...\n           *    Security Mode feature set\n...\nSecurity:\n        Master password revision code = 1\n                supported\n                enabled\n                locked\n        not     frozen\n        not     expired: security count\n                supported: enhanced erase\n        Security level high\n        60min for SECURITY ERASE UNIT. 60min for ENHANCED SECURITY ERASE UNIT.\n...\n```", "```\n# hdparm --security-unlock \"mysecret99\" /dev/sdb\nsecurity_password=\"mysecret99\"\n\n/dev/sdb:\n Issuing SECURITY_UNLOCK command, password=\"mysecret99\", user=user\n```", "```\n# hdparm --user-master m --security-unlock \"companysecret22\" /dev/sdb\nsecurity_password=\"companysecret22\"\n\n/dev/sdb:\n Issuing SECURITY_UNLOCK command, password=\"companysecret22\", user=master\n```", "```\n# sedutil-cli --scan\n\nScanning for Opal compliant disks\n/dev/sda  2  Crucial_CT250MX200SSD1                 MU01\n/dev/sdb No  WDC WD20EZRX-00D8PB0                   80.00A80\n/dev/sdc No  INTEL SSDSA2CW300G3                    4PC10302\n/dev/sdd No  Kingston SHPM2280P2H/240G              OC34L5TA\nNo more disks present ending scan\n```", "```\n# sedutil-cli --query /dev/sda\n\n/dev/sda ATA Crucial_CT250MX200SSD1                  MU01             15030E69A241\n...\nLocking function (0x0002)\n   Locked = Y, LockingEnabled = Y, LockingSupported = Y, MBRDone = N,\n   MBREnabled = Y, MediaEncrypt = Y\n...\n```", "```\n# sedutil-cli --disableLockingRange 0 xxmonkey /dev/sda\n- 16:33:34.480 INFO: LockingRange0 disabled\n# sedutil-cli --setMBRDone on xxmonkey /dev/sda\n- 16:33:54.341 INFO: MBRDone set on\n```", "```\n# sedutil-cli --query /dev/sda\n\n/dev/sda ATA Crucial_CT250MX200SSD1                   MU01             15030E69A241\n...\nLocking function (0x0002)\n    Locked = N, LockingEnabled = Y, LockingSupported = Y, MBRDone = Y,\n    MBREnabled = Y, MediaEncrypt = Y\n...\n```", "```\n# mmls /dev/sda\nDOS Partition Table\nOffset Sector: 0\nUnits are in 512-byte sectors\n\n     Slot    Start        End          Length       Description\n00:  Meta    0000000000   0000000000   0000000001   Primary Table (#0)\n01:  -----   0000000000   0000002047   0000002048   Unallocated\n02:  00:00   0000002048   0471887871   0471885824   Linux (0x83)\n03:  -----   0471887872   0471889919   0000002048   Unallocated\n04:  Meta    0471889918   0488396799   0016506882   DOS Extended (0x05)\n05:  Meta    0471889918   0471889918   0000000001   Extended Table (#1)\n06:  01:00   0471889920   0488396799   0016506880   Linux Swap / Solaris x86 (0x82)\n07:  -----   0488396800   0488397167   0000000368   Unallocated\n```", "```\n# mmls /dev/cdrom\nError opening image file (raw_open: file \"/dev/cdrom\" - No medium found)\n```", "```\n# cd-drive\ncd-drive version 0.83 x86_64-pc-linux-gnu\n...\nCD-ROM drive supports MMC 3\n\n                       Drive: /dev/cdrom\nVendor                      : ASUS\nModel                       : BW-16D1HT\nRevision                    : 1.01\nProfile List Feature\n        Blu Ray BD-RE\n        Blu Ray BD-R random recording\n        Blu Ray BD-R sequential recording\n        Blu Ray BD-ROM\n        DVD+R Double Layer - DVD Recordable Double Layer\n        DVD+R - DVD Recordable\n        DVD+RW - DVD Rewritable\n        DVD-R - Double-layer Jump Recording\n        DVD-R - Double-Layer Sequential Recording\n        Re-recordable DVD using Sequential Recording\n        Re-recordable DVD using Restricted Overwrite\n        Re-writable DVD\n        Re-recordable DVD using Sequential recording\n        Read only DVD\n        CD-RW Re-writable Compact Disc capable\n        Write once Compact Disc capable\n        Read only Compact Disc capable\n...\nRemovable Medium Feature\n        Tray type loading mechanism\n        can eject the medium or magazine via the normal START/STOP command\n        can be locked into the Logical Unit\n...\n```", "```\n# cd-info\ncd-info version 0.83 x86_64-pc-linux-gnu\nDisc mode is listed as: CD-DA\nCD-ROM Track List (1 - 1)\n  #: MSF       LSN    Type   Green? Copy? Channels Premphasis?\n  1: 00:02:00  000000 data   false  no\n170: 39:42:20  178520 leadout (400 MB raw, 400 MB formatted)\nMedia Catalog Number (MCN): 0000000000000\nTRACK  1 ISRC: 000000000000\nLast CD Session LSN: 0\naudio status: invalid\n__________________________________\nCD Analysis Report\nCD-ROM with ISO 9660 filesystem\nISO 9660: 154301 blocks, label `SOLARIS_2_5_1_SPARC '\nApplication: NOT SPECIFIED\nPreparer   : SOLARIS_PRODUCT_ENGINEERING\nPublisher  : SUNSOFT_INC\nSystem     : SUNSOFT_INC\nVolume     : SOLARIS_2_5_1_SPARC\nVolume Set : SOLARIS_2_5_1_SERIES\n```", "```\n# lshw -class tape\n  *-tape\n       description: SCSI Tape\n       product: LTO-5 HH\n       vendor: TANDBERG\n       physical id: 0.0.0\n       bus info: scsi@13:0.0.0\n       logical name: /dev/nst0\n       version: Y629\n       serial: HU1246T99F\n       capabilities: removable\n       configuration: ansiversion=6\n  *-tape\n       description: SCSI Tape\n       product: DAT160\n       vendor: HP\n       physical id: 0.0.0\n       bus info: scsi@15:0.0.0\n       logical name: /dev/nst1\n       version: WU8A\n       serial: HU10123NFH\n       capabilities: removable\n       configuration: ansiversion=3\n```", "```\n# mt -f /dev/nst0 status\nSCSI 2 tape drive:\nFile number=1, block number=0, partition=0.\nTape block size 0 bytes. Density code 0x58 (no translation).\nSoft error count since last status=0\nGeneral status bits on (81010000):\n EOF ONLINE IM_REP_EN\n\n# tapeinfo -f /dev/nst0\nProduct Type: Tape Drive\nVendor ID: 'TANDBERG'\nProduct ID: 'LTO-5 HH         '\nRevision: 'Y629'\nAttached Changer API: No\nSerialNumber: 'HU1246T99F'\nMinBlock: 1\nMaxBlock: 16777215\nSCSI ID: 0\nSCSI LUN: 0\nReady: yes\nBufferedMode: yes\nMedium Type: Not Loaded\nDensity Code: 0x58\nBlockSize: 0\nDataCompEnabled: yes\nDataCompCapable: yes\nDataDeCompEnabled: yes\nCompType: 0x1\nDeCompType: 0x1\nBlock Position: 166723430\nPartition 0 Remaining Kbytes: 1459056\nPartition 0 Size in Kbytes: 1459056\nActivePartition: 0\nEarlyWarningSize: 0\nNumPartitions: 0\nMaxPartitions: 1\n```", "```\n# mt -f /dev/nst0 status\n```", "```\n# ls -1 /dev/*st0*\n/dev/nst0\n/dev/nst0a\n/dev/nst0l\n/dev/nst0m\n/dev/st0\n/dev/st0a\n/dev/st0l\n/dev/st0m\n```", "```\n[ 2175.331711] usb 1-7: new high-speed USB device number 10 using xhci_hcd\n[ 2175.461244] usb 1-7: New USB device found, idVendor=058f, idProduct=6362\n[ 2175.461249] usb 1-7: New USB device strings: Mfr=1, Product=2, SerialNumber=3\n[ 2175.461252] usb 1-7: Manufacturer: Generic\n[ 2175.461938] usb-storage 1-7:1.0: USB Mass Storage device detected\n[ 2175.462143] scsi host15: usb-storage 1-7:1.0\n[ 2176.458662] scsi 15:0:0:0: Direct-Access     Generic  USB SD Reader    1.00\n    PQ: 0 ANSI: 0\n[ 2176.459179] scsi 15:0:0:1: Direct-Access     Generic  USB CF Reader    1.01\n    PQ: 0 ANSI: 0\n[ 2176.459646] scsi 15:0:0:2: Direct-Access     Generic  USB SM Reader    1.02\n    PQ: 0 ANSI: 0\n[ 2176.460089] scsi 15:0:0:3: Direct-Access     Generic  USB MS Reader    1.03\n    PQ: 0 ANSI: 0\n[ 2176.460431] sd 15:0:0:0: Attached scsi generic sg11 type 0\n[ 2176.460641] sd 15:0:0:1: Attached scsi generic sg12 type 0\n[ 2176.460863] sd 15:0:0:2: Attached scsi generic sg13 type 0\n[ 2176.461150] sd 15:0:0:3: Attached scsi generic sg14 type 0\n[ 2176.463711] sd 15:0:0:0: [sdj] Attached SCSI removable disk\n[ 2176.464510] sd 15:0:0:1: [sdk] Attached SCSI removable disk\n[ 2176.464944] sd 15:0:0:2: [sdl] Attached SCSI removable disk\n[ 2176.465339] sd 15:0:0:3: [sdm] Attached SCSI removable disk\n```", "```\n[ 2310.750147] sd 15:0:0:0: [sdj] 7959552 512-byte logical blocks: (4.07 GB/3.79 GiB)\n[ 2310.753162]  sdj: sdj1\n```", "```\n[  542.964313] scsi host10: SBP-2 IEEE-1394\n[  542.964404] firewire_core 0000:0e:00.0: created device fw1: GUID\n    000a27020064d0ef, S800\n[  543.163093] firewire_sbp2 fw1.0: logged in to LUN 0000 (0 retries)\n[  543.163779] scsi 10:0:0:0: Direct-Access-RBC AAPL     FireWire Target 0000\n    PQ: 0 ANSI: 3\n[  543.164226] sd 10:0:0:0: Attached scsi generic sg10 type 14\n[  543.165006] sd 10:0:0:0: [sdj] 236978176 512-byte logical blocks:\n    (121 GB/113 GiB)\n[  543.165267] sd 10:0:0:0: [sdj] Write Protect is off\n[  543.165271] sd 10:0:0:0: [sdj] Mode Sense: 10 00 00 00\n[  543.165759] sd 10:0:0:0: [sdj] Write cache: enabled, read cache: enabled,\n    doesn't support DPO or FUA\n[  543.171533] sdj: sdj1 sdj2 sdj3\n[  543.173479] sd 10:0:0:0: [sdj] Attached SCSI disk\n```", "```\n# nvme list\nNode             Model                Version  Namepace Usage                   ...\n---------------- -------------------- -------- -------- --------------------------\n/dev/nvme0n1     INTEL SSDPE2MW400G4  1.0      1        400.09  GB / 400.09  GB ...\n/dev/nvme1n1     Samsung SSD 950 PRO  1.1      1          3.01  GB / 256.06  GB ...\n...\n```", "```\n# nvme list-ns /dev/nvme1\n[   0]:0x1\n```", "```\n# mmls /dev/nvme1n1\nDOS Partition Table\nOffset Sector: 0\nUnits are in 512-byte sectors\n\n     Slot    Start        End          Length       Description\n00:  Meta    0000000000   0000000000   0000000001   Primary Table (#0)\n01:  -----   0000000000   0000002047   0000002048   Unallocated\n02:  00:00   0000002048   0167774207   0167772160   Linux (0x83)\n03:  00:01   0167774208   0335546367   0167772160   Linux (0x83)\n04:  00:02   0335546368   0500118191   0164571824   Linux (0x83)\n```", "```\n# nvme smart-log /dev/nvme1\nSmart Log for NVME device:/dev/nvme1 namespace-id:ffffffff\ncritical_warning          : 0\ntemperature               : 46 C\navailable_spare           : 100%\navailable_spare_threshold : 10%\npercentage_used           : 0%\ndata_units_read           : 2,616\ndata_units_written        : 5,874\nhost_read_commands        : 19,206\nhost_write_commands       : 56,145\ncontroller_busy_time      : 0\npower_cycles              : 34\npower_on_hours            : 52\nunsafe_shutdowns          : 17\nmedia_errors              : 0\nnum_err_log_entries       : 7\n```"]