["```\n$ mmls image.raw\nDOS Partition Table\nOffset Sector: 0\nUnits are in 512-byte sectors\n\n       Slot   Start       End         Length      Description\n000:   Meta   0000000000  0000000000  0000000001  Primary Table (#0)\n001: -------  0000000000  0000002047  0000002048  Unallocated\n002: 000:000  0000002048  0024188109  0024186062  Linux (0x83)\n003: 000:001  0024188110  0041929649  0017741540  Linux Swap / Solaris x86 (0x82)\n004: -------  0041929650  0041943039  0000013390  Unallocated\n```", "```\n   # disktype /dev/sda\n\n   --- /dev/sda\n   Block device, size 111.8 GiB (120034123776 bytes)\n   DOS/MBR partition map\n➊ Partition 1: 111.8 GiB (120034123264 bytes, 234441647 sectors from 1)\n     Type 0xEE (EFI GPT protective)\n   GPT partition map, 128 entries\n     Disk size 111.8 GiB (120034123776 bytes, 234441648 sectors)\n     Disk GUID 11549728-F37C-C943-9EA7-A3F9F9A8D071\n   Partition 1: 512 MiB (536870912 bytes, 1048576 sectors from 2048)\n  ➋ Type EFI System (FAT) (GUID 28732AC1-1FF8-D211-BA4B-00A0C93EC93B)\n     Partition Name \"EFI System Partition\"\n     Partition GUID EB66AA4C-4840-1E44-A777-78B47EC4936A\n     FAT32 file system (hints score 5 of 5)\n       Volume size 511.0 MiB (535805952 bytes, 130812 clusters of 4 KiB)\n   Partition 2: 111.3 GiB (119495720960 bytes, 233390080 sectors from 1050624)\n     Type Unknown (GUID AF3DC60F-8384-7247-8E79-3D69D8477DE4)\n  ➌ Partition Name \"\"\n     Partition GUID A6EC4415-231A-114F-9AAD-623C90548A03\n     Ext4 file system\n       UUID 9997B65C-FF58-4FDF-82A3-F057B6C17BB6 (DCE, v4)\n       Last mounted at \"/\"\n       Volume size 111.3 GiB (119495720960 bytes, 29173760 blocks of 4 KiB)\n   Partition 3: unused\n```", "```\n$ sudo mmls /dev/sdc\nDOS Partition Table\nOffset Sector: 0\nUnits are in 512-byte sectors\n\n     Slot     Start       End         Length      Description\n000: Meta     0000000000  0000000000  0000000001  Primary Table (#0)\n001: -------  0000000000  0000002047  0000002048  Unallocated\n002: 000:000  0000002048  0002099199  0002097152  Linux (0x83)\n003: 000:001  0002099200  0117231407  0115132208  Linux Logical Volume Manager (0x8e)\n```", "```\n40100200  4C 41 42 45 4C 4F 4E 45 01 00 00 00 00 00 00 00 LABELONE........\n40100210  53 BF 78 2F 20 00 00 00 4C 56 4D 32 20 30 30 31 S.x/ ...LVM2 001\n40100220  55 77 37 73 73 53 4A 61 50 36 67 43 44 42 4D 61 Uw7ssSJaP6gCDBMa\n40100230  51 32 4A 57 39 32 71 6F 66 71 59 47 56 57 6F 68 Q2JW92qofqYGVWoh\n...\n```", "```\n$ sudo pvdisplay --maps --foreign --readonly\n  --- Physical volume ---\n  PV Name               /dev/sdc2\n  VG Name               mydisks\n  PV Size               <54.90 GiB / not usable <4.90 MiB\n  Allocatable           yes\n  PE Size               4.00 MiB\n  Total PE              14053\n  Free PE               1\n  Allocated PE          14052\n  PV UUID               Uw7ssS-JaP6-gCDB-MaQ2-JW92-qofq-YGVWoh\n\n  --- Physical Segments ---\n...\n  Physical extent 1024 to 14051:\n    Logical volume     /dev/mydisks/root\n    Logical extents    0 to 13027\n...\n```", "```\n$ sudo lvdisplay --maps --foreign --readonly\n...\n   --- Logical volume ---\n   LV Path                /dev/mydisks/root\n   LV Name                root\n   VG Name                mydisks\n   LV UUID                uecfOf-3E0x-ohgP-IHyh-QPac-IaKl-HU1FMn\n   LV Write Access        read/write\n➊ LV Creation host, time pc1, 2020-12-02 20:45:45 +0100\n   LV Size                50.89 GiB\n   Current LE             13028\n   Segments               1\n   Allocation             inherit\n   Read ahead sectors     auto\n\n   --- Segments ---\n   Logical extents 0 to 13027:\n  ➋ Type                linear\n     Physical volume     /dev/sdc2\n     Physical extents    1024 to 14051\n```", "```\n$ sudo fsstat -o 10489856 /dev/sdc\nFILE SYSTEM INFORMATION\n--------------------------------------------\nFile System Type: Ext4\nVolume Name:\nVolume ID: 6d0edeac50c97b979148918692af1e0b\n...\n```", "```\n   # mdadm --examine /dev/sda1\n   /dev/sda1:\n             Magic : a92b4efc\n           Version : 1.2\n       Feature Map : 0x0\n➊ Array UUID : 1412eafa:0d1524a6:dc378ce0:8361e245\n           ➋ Name : My Big Storage\n  ➌ Creation Time : Sun Nov 22 13:48:35 2020\n        Raid Level : raid5\n      Raid Devices : 3\n\n    Avail Dev Size : 30270751 (14.43 GiB 15.50 GB)\n        Array Size : 30270464 (28.87 GiB 31.00 GB)\n     Used Dev Size : 30270464 (14.43 GiB 15.50 GB)\n       Data Offset : 18432 sectors\n      Super Offset : 8 sectors\n      Unused Space : before=18280 sectors, after=287 sectors\n             State : clean\n    ➍ Device UUID : 79fde003:dbf203d5:521a3be5:6072caa6\n\n    ➎ Update Time : Sun Nov 22 14:02:44 2020\n     Bad Block Log : 512 entries available at offset 136 sectors\n          Checksum : 8f6317ee - correct\n            Events : 4\n\n            Layout : left-symmetric\n        Chunk Size : 512K\n\n       Device Role : Active device 0\n       Array State : AAA ('A' == active, '.' == missing, 'R' == replacing)\n```", "```\n# mdadm --examine /dev/sdc1\n/dev/sdc1:\n...\n Avail Dev Size : 241434463 (115.12 GiB 123.61 GB)\n     Array Size : 30270464 (28.87 GiB 31.00 GB)\n Used Dev Size : 30270464 (14.43 GiB 15.50 GB)\n   Data Offset : 18432 sectors\n...\n```", "```\nNov 22 11:48:08 pc1 kernel: md/raid:md0: Disk failure on sdc1, disabling device.\n                            md/raid:md0: Operation continuing on 2 devices.\n...\nNov 22 12:00:54 pc1 kernel: md: recovery of RAID array md0\n```", "```\n$ fls -r -p partimage.raw\n...\nr/r 262172:   etc/hosts\nd/d 131074:   var/cache\n...\nr/r 1050321:  usr/share/zoneinfo/Europe/Vaduz\nr/r 1050321:  usr/share/zoneinfo/Europe/Zurich\n...\nr/r * 136931(realloc): var/cache/ldconfig/aux-cache~\nr/r 136931:   var/cache/ldconfig/aux-cache\n...\nV/V 1179649:  $OrphanFiles\n-/r * 655694: $OrphanFiles/OrphanFile-655694\n...\n```", "```\n00000438: 53ef S.\n```", "```\n$ dumpe2fs -h partimage.raw\ndumpe2fs 1.46.2 (28-Feb-2021)\nFilesystem volume name:  TooManySecrets\nLast mounted on:         /run/media/sam/TooManySecrets\nFilesystem UUID:         7de10bcf-a377-4800-b6ad-2938bf0c08a7\nFilesystem magic number: 0xEF53\n...\nFilesystem OS type:      Linux\nInode count:             483328\nBlock count:             1933312\n...\nFilesystem created:      Sat Mar 13 07:42:13 2021\nLast mount time:         Sat Mar 13 08:33:42 2021\nLast write time:         Sat
Mar 13 08:33:42 2021\nMount count:             16\nMaximum mount count:     -1\nLast checked:            Sat Mar 13 07:42:13 2021\n...\n```", "```\n$ fsstat partimage.raw\nFILE SYSTEM INFORMATION\n--------------------------------------------\nFile System Type: Ext4\nVolume Name: TooManySecrets\nVolume ID: a7080cbf3829adb64877a3cf0be17d\n\nLast Written at: 2021-03-13 08:33:42 (CET)\nLast Checked at: 2021-03-13 07:42:13 (CET)\n\nLast Mounted at: 2021-03-13 08:33:42 (CET)\nUnmounted properly\nLast mounted on: /run/media/sam/TooManySecrets\n\nSource OS: Linux\n...\n```", "```\n$ istat partimage.raw 262172\ninode: 262172\nAllocated\nGroup: 32\nGeneration Id: 3186738182\nuid / gid: 0 / 0\nmode: rrw-r--r--\nFlags: Extents,\nsize: 139\nnum of links: 1\n\nInode Times:\nAccessed:       2020-03-11 11:12:37.626666598 (CET)\nFile Modified:  2020-03-11 11:12:34.483333261 (CET)\nInode Modified: 2020-03-11 11:12:34.483333261 (CET)\nFile Created:   2020-03-11 11:03:19.903333268 (CET)\n\nDirect Blocks:\n1081899\n```", "```\n$ debugfs -R \"stat <136939>\" partimage.raw\ndebugfs 1.45.6 (20-Mar-2020)\nInode: 136939  Type: regular  Mode: 0000  Flags: 0x80000\nGeneration: 166965863  Version: 0x00000000:00000001\nUser:     0  Group:    0   Project:     0   Size: 0\nFile ACL: 0\nLinks: 0  Blockcount: 0\nFragment: Address: 0  Number: 0  Size: 0\n ctime: 0x5e68c4bb:04c4b400 -- Wed
Mar 11 12:00:11 2020\n atime: 0x5e68c4ba:9a2d66ac -- Wed
Mar 11 12:00:10 2020\n mtime: 0x5e68c4ba:9a2d66ac -- Wed Mar 11 12:00:10 2020\ncrtime: 0x5e68c4ba:9a2d66ac -- Wed
Mar 11 12:00:10 2020\n dtime: 0x5e68c4bb:(04c4b400) -- Wed Mar 11 12:00:11 2020\nSize of extra inode fields: 32\nInode checksum: 0x95521a7d\nEXTENTS:\n```", "```\n$ debugfs -R \"ls -drl /Documents\" partimage.raw\ndebugfs 1.45.6 (20-Mar-2020)\n     12   40750 (2)      0   0  4096 30-Nov-2020 22:35 .\n      2   40755 (2)      0   0  4096 30-Nov-2020 22:39 ..\n     13  100640 (1)      0   0    91 30-Nov-2020 22:35 evilplan.txt\n```", "```\n$ debugfs -R \"cat <13>\" partimage.raw\ndebugfs 1.45.6 (20-Mar-2020)\n\nthis is the master plan to destroy all copies of powerpoint.exe across the\nentire company.\n```", "```\n5F 42 48 52 66 53 5F 4D _BHRfS_M\n```", "```\n   $ fsstat -P pool/\n➊ Label:                   My Stuff\n➋ File system UUID:        EA920473-EC49-4F1A-A037-90258D453DB6\n   Root tree root address:  5406720\n   Chunk tree root address: 1048576\n   Log tree root address:   0\n➌ Generation:              20\n   Chunk root generation:   11\n   Total bytes:             4293898240\n   Number of devices:       1\n\n➍ Device UUID:             22D40FDB-C768-4623-BCBB-338AC0744EC7\n   Device ID:               1\n➎ Device total bytes:      4293898240\n➏ Device total bytes used: 457179136\n\n   Total size: 3GB\n   Used size: 38MB\n\n➐ The following subvolumes or snapshots are found:\n   256       Documents\n   257       Videos\n   259       .snapshot\n   260       Confidential\n```", "```\n$ istat -P pool/ 257\nInode number: 257\nSize: 29\nName: secret.txt\n\nDirectory Entry Times(local);\nCreated time:  Sun
Nov 29 16:55:34 2020\nAccess time:   Sun
Nov 29 16:56:41 2020\nModified time: Sun Nov 29 16:55:25 2020\n```", "```\n$ btrfs inspect-internal dump-tree pool/partimage.raw\n...\n   item 8 key (257 INODE_ITEM 0) itemoff 15721 itemsize 160\n           generation 10 transid 12 size 29 nbytes 29\n           block group 0 mode 100640 links 1 uid 1000 gid 1000 rdev 0\n           sequence 15 flags 0x0(none)\n           atime 1606665401.870699900 (2020-11-29 16:56:41)\n           ctime 1606665334.900190664 (2020-11-29 16:55:34)\n           mtime 1606665325.786787936 (2020-11-29 16:55:25)\n           otime 1606665325.786787936 (2020-11-29 16:55:25)\n   item 9 key (257 INODE_REF 256) itemoff 15701 itemsize 20\n           index 4 namelen 10 name: secret.txt\n...\n```", "```\n   $ ls poolm/\n   partimage1.raw partimage2.raw partimage3.raw\n   $ pls poolm/\n➊ FSID:              CB9EC8A5-8A79-40E8-9DDB-2A54D9CB67A9\n➋ System chunks:     RAID1 (1/1)\n   Metadata chunks:   RAID1 (1/1)\n   Data chunks:       Single (1/1)\n➌ Number of devices: 3 (3 detected)\n   -------------------------------------------------\n➍ ID:                  1\n   GUID:               2179D1FD-F94B-4CB7-873D-26CE05B41662\n\n   ID:                  2\n   GUID:               0F784A29-B752-46C4-8DBC-C8E2455C7A13\n\n   ID:                  3\n   GUID:               31C19872-9707-490D-9267-07B499C5BD06\n   ...\n```", "```\n$ fsstat -P pool/\n...\nThe following subvolumes or snapshots are found:\n256       Documents\n257       Videos\n259       .snapshot\n260       Confidential\n```", "```\n$ sudo losetup -f --show -r pool/partimage.raw\n/dev/loop0\n$ sudo mount -o ro,subvol=/ /dev/loop0 /evidence/\n```", "```\n$ sudo btrfs subvolume list /evidence/\nID 256 gen 19 top level 5 path Documents\nID 257 gen 12 top level 5 path Videos\nID 259 gen 13 top level 5 path .snapshot\nID 260 gen 19 top level 256 path Documents/Confidential\n```", "```\n$ sudo btrfs subvolume show /evidence/Documents/\nDocuments\n        Name:               Documents\n        UUID:               77e546f8-9864-c844-9edb-733da662cb6c\n        Parent UUID:        -\n        Received UUID:      -\n        Creation time:      2020-11-29 16:53:56 +0100\n        Subvolume ID:       256\n        Generation:         19\n        Gen at creation:    7\n        Parent ID:          5\n        Top level ID:       5\n        Flags:              -\n        Snapshot(s):\n```", "```\n$ sudo btrfs subvolume show /evidence/.snapshot/\n.snapshot\n        Name:              .snapshot\n        UUID:              57912eb8-30f9-1948-b68e-742f15d9408a\n...\n        Creation time:     2020-11-29 16:58:28 +0100\n...\n```", "```\n$ fls -P pool/\nr/r 257:   secret.txt\n$ fls -P pool/ -S .snapshot\nr/r 257:   secret.txt\n$ fls -P pool/ -S Documents\nr/r 257:   report.pdf\n$ fls -P pool/ -S Videos\nr/r 257:   phiberoptik.mkv\n```", "```\n$ icat -P pool/ 257\nThe new password is \"canada101\"\n$ icat -P pool/ -S .snapshot 257\nThe password is \"canada99\"\n$ icat -P pool/ -S Documents 257 > report.pdf\n$ icat -P pool/ -S Videos 257 > phiberoptik.mkv\n```", "```\n0x58465342      XFSB\n```", "```\n$ xfs_db -r -c sb -c print partimage.raw\nmagicnum = 0x58465342\nblocksize = 4096\ndblocks = 524288\n...\nuuid = 75493c5d-3ceb-441b-bdee-205e5548c8c3\nlogstart = 262150\n...\nfname = \"Super Secret\"\n...\n```", "```\n$ fsstat partimage.raw\nFILE SYSTEM INFORMATION\n--------------------------------------------\nFile System Type: XFS\nVolume Name: Super Secret\n\nVolume ID: 75493c5d-3ceb-441b-bdee-205e5548c8c3\nVersion: V5,NLINK,ALIGN,DIRV2,LOGV2,EXTFLG,MOREBITS,ATTR2,LAZYSBCOUNT,\nPROJID32BIT,CRC,FTYPE\nFeatures Compat: 0\nFeatures Read-Only Compat: 5\nRead Only Compat Features: Free inode B+tree, Reference count B+tree,\nFeatures Incompat: 3\nInCompat Features: Directory file type, Sparse inodes,\nCRC: 3543349244\n...\n```", "```\n   $ xfs_db -r -c \"inode 133\" -c print partimage.raw\n   core.magic = 0x494e\n➊ core.mode = 0100640\n   core.version = 3\n   core.format = 2 (extents)\n   core.nlinkv2 = 1\n   core.onlink = 0\n   core.projid_lo = 0\n   core.projid_hi = 0\n➋ core.uid = 0\n   core.gid = 0\n   core.flushiter = 0\n➌ core.atime.sec = Mon Nov 30 19:57:54 2020\n   core.atime.nsec = 894778100\n➍ core.mtime.sec = Mon Nov 30 19:57:54 2020\n   core.mtime.nsec = 898113100\n➎ core.ctime.sec = Mon Nov 30 19:57:54 2020\n   core.ctime.nsec = 898113100\n   core.size = 1363426\n   core.nblocks = 333\n   ...\n   core.immutable = 0\n   core.append = 0\n   core.sync = 0\n   core.noatime = 0\n   core.nodump = 0\n   ...\n   core.gen = 1845361178\n   ...\n➏ v3.crtime.sec = Mon Nov 30 19:57:54 2020\n   v3.crtime.nsec = 894778100\n   v3.inumber = 133\n➐ v3.uuid = 75493c5d-3ceb-441b-bdee-205e5548c8c3\n   ...\n```", "```\n$ istat partimage.raw 133\nInode: 133\nAllocated\nuid / gid: 0 / 0\nmode: rrw-r-----\nFlags:\nsize: 1363426\nnum of links: 1\n\nInode Times:\nAccessed:       2020-11-30 19:57:54.894778100 (CET)\nFile Modified:  2020-11-30 19:57:54.898113100 (CET)\nInode Modified: 2020-11-30 19:57:54.898113100 (CET)\nFile Created:   2020-11-30 19:57:54.894778100 (CET)\n\nDirect Blocks:\n24 25 26 27 28 29 30 31\n32 33 34 35 36 37 38 39\n...\n```", "```\n$ fls -pr partimage.raw\nd/d 131:      Documents\nr/r 132:      Documents/passwords.txt\nr/r 133:      report.pdf\nd/d 1048704:  Other Stuff\n```", "```\n$ icat partimage.raw 132\nThe new password is \"Supercalifragilisticexpialidocious\"\n$ icat partimage.raw 133 > report.pdf\n```", "```\nUUID=3f054075-6bd4-41c2-a03d-adc75dfcd26d none swap defaults 0 0\n/dev/nvme0n1p3 none swap defaults 0 0\n/swapfile none swap sw 0 0\n```", "```\n# cat /etc/systemd/system/swapfile.swap\n[Swap]\nWhat=/swapfile\n# ls -lh /swapfile\n-rw------- 1 root root 1.0G 23\\. Nov 06:24 /swapfile\n```", "```\n00000ff6: 5357 4150 5350 4143 4532 SWAPSPACE2\n```", "```\n# file swapfile\nswapfile: Linux swap file, 4k page size, little endian, version 1, size 359674\npages, 0 bad pages, no label, UUID=7ed18640-0569-43af-998b-aabf4446d71d\n```", "```\nresume=UUID=327edf54-00e6-46fb-b08d-00250972d02a\n```", "```\n00000ff6: 5331 5355 5350 454e 4400 S1SUSPEND.\n```", "```\n$ file swapfile\nswapfile: Linux swap file, 4k page size, little endian, version 1, size 359674 pages,\n0 bad pages, no label, UUID=7ed18640-0569-43af-998b-aabf4446d71d, with SWSUSP1 image\n```", "```\n#  <name>  <device>  <password>  <options>\nroot-crypt UUID=2505567a-9e27-4efe-a4d5-15ad146c258b none luks,discard\nswap-crypt /dev/sda7 /dev/urandom swap\n```", "```\n4C55 4B53 BABE 0001 LUKS....\n4C55 4B53 BABE 0002 LUKS....\n```", "```\n# cryptsetup luksDump /dev/sdb1\nLUKS header information\nVersion:        2\nEpoch:          5\nMetadata area:  16384 [bytes]\nKeyslots area:  16744448 [bytes]\nUUID:           246143fb-a3ec-4f2e-b865-c3a3affab880\nLabel:          My secret docs\nSubsystem:      (no subsystem)\nFlags:          (no flags)\n\nData segments:\n  0: crypt\n        offset: 16777216 [bytes]\n\n        length: (whole device)\n        cipher: aes-xts-plain64\n        sector: 512 [bytes]\n\nKeyslots:\n 1: luks2\n       Key:        512 bits\n       Priority:   normal\n       Cipher:     aes-xts-plain64\n       Cipher key: 512 bits\n       PBKDF:      argon2i\n       Time cost:  4\n       Memory:     964454\n       Threads:    4\n       Salt:       8a 96 06 13 38 5b 61 80 c3 59 75 87 f7 31 43 87\n                  54 dd 32 8c ea c0 b2 8b e5 bc 77 23 11 fb e9 34\n       AF stripes: 4000\n       AF hash:    sha256\n       Area offset:290816 [bytes]\n       Area length:258048 [bytes]\n       Digest ID:  0\nTokens:\nDigests:\n  0: pbkdf2\n        Hash:       sha256\n        Iterations: 110890\n        Salt:       74 a3 81 df d7 f0 f5 0d d9 c6 3d d8 98 5a 16 11\n                   7c c2 ea cb 06 7f e9 b1 37 0b 66 24 3c 69 e1 ce\n        Digest:    17 ad cb 13 16 f2 cd e5 d8 ea 49 d7 a4 89 bc e0\n                  00 a0 60 e8 95 6b e1 e2 19 4b e7 07 24 f4 73 cb\n```", "```\n# cryptsetup luksOpen --readonly /dev/sdb1 evidence\nEnter passphrase for /dev/sdb1:\n# fsstat /dev/mapper/evidence\nFILE SYSTEM INFORMATION\n--------------------------------------------\nFile System Type: Ext4\nVolume Name:\nVolume ID: 6c7ed3581ee94d952d4d120dd29718d2\n\nLast Written at: 2020-11-20 07:14:14 (CET)\nLast Checked at: 2020-11-20 07:13:52 (CET)\n...\n```", "```\n/home/.ecryptfs/sam/.ecryptfs/\n/home/.ecryptfs/sam/.Private/\n/home/sam/\n```", "```\n/home/sam/.ecryptfs/\n/home/sam/.Private/\n/home/sam/Private/\n```", "```\nECRYPTFS_FNEK_ENCRYPTED.FWb.MkIpyP2LoUSd698zVj.LP4tIzB6lyLWDy1vKIhPz8WBMAYFCpelfHU--\n```", "```\n   $ stat Private/secrets.txt\n     File: Private/secrets.txt\n  ➊ Size: 18     Blocks: 24     IO Block: 4096  regular file\n   Device: 47h/71d Inode: 33866440  Links: 1\n   Access: (0640/-rw-r-----) Uid: ( 1000/   sam)  Gid: ( 1000/   ➋ sam)\n➌ Access: 2020-11-21 10:14:56.092400513 +0100\n   Modify: 2020-11-21 09:14:45.430398866 +0100\n   Change: 2020-11-21 14:27:43.233570339 +0100\n    Birth: -\n   ...\n   $ stat .Private/ECRYPTFS_FNEK_ENCRYPTED.FWb.MkIpyP2LoUSd698zVj.\n   LP4tIzB6lyLWDy1vKIhPz8WBMAYFCpelfHU--\n   File: .Private/ECRYPTFS_FNEK_ENCRYPTED.FWb.MkIpyP2LoUSd698zVj.\n   LP4tIzB6lyLWDy1vKIhPz8WBMAYFCpelfHU--\n ➊ Size: 12288     Blocks: 24     IO Block: 4096  regular file\n  Device: 1bh/27d Inode: 33866440  Links: 1\n  Access: (0640/-rw-r-----) Uid: ( 1000/   sam)  Gid: ( 1000/   ➋ sam)\n➌ Access: 2020-11-21 10:14:56.092400513 +0100\n   Modify: 2020-11-21 09:14:45.430398866 +0100\n   Change: 2020-11-21 14:27:43.233570339 +0100\n    Birth: 2020-11-21 09:14:45.430398866 +0100\n```", "```\n$ ecryptfs2john.py .ecryptfs/wrapped-passphrase > ecryptfs.john\n$ john ecryptfs.john\nUsing default input encoding: UTF-8\nLoaded 1 password hash (eCryptfs [SHA512 128/128 AVX 2x])\nWill run 4 OpenMP threads\nProceeding with single, rules:Single\nPress 'q' or Ctrl-C to abort, almost any other key for status\nAlmost done: Processing the remaining buffered candidate passwords, if any.\nProceeding with wordlist:/usr/share/john/password.lst\ncanada           (wrapped-passphrase)\n1g 0:00:01:35 DONE 2/3 (2020-11-20 15:57) 0.01049g/s 128.9p/s 128.9c/s\n128.9C/s 123456..maggie\nUse the \"--show\" option to display all of the cracked passwords reliably\nSession completed.\n```", "```\n$ dumpe2fs -h partimage.raw\n...\nFilesystem features:      has_journal ext_attr resize_inode dir_index filetype\nneeds_recovery extent 64bit flex_bg encrypt sparse_super large_file huge_file\ndir_nlink extra_isize metadata_csum\n...\n```", "```\n$ ls KEEPOUT/\nGpJCNtGVcwD7bkNVer7dWV8aTlb8gt2PP3,pG23vDQtRTldW1zpS7D\nOWmj3cUXuNmIMZN6VP+qiE8DgR0ZZAXwVynF5ftvSaBBmayI9dq3HA\n...\n$ ls KEEPOUT/\nreport.doc video.mpeg\n```", "```\n$ cp KEEPOUT/* /evidence/\ncp: cannot open 'KEEPOUT/GpJCNtGVcwD7bkNVer7dWV8aTlb8gt2PP3,pG23vDQtRTldW1zpS7D'\nfor reading: Required key not available\ncp: cannot open 'KEEPOUT/OWmj3cUXuNmIMZN6VP+qiE8DgR0ZZAXwVynF5ftvSaBBmayI9dq3HA'\nfor reading: Required key not available\n```", "```\n# mount /dev/sdb /evidence/\n# fscrypt unlock /evidence/KEEPOUT/\nEnter custom passphrase for protector \"sam\":\n\"/evidence/KEEPOUT/\" is now unlocked and ready for use.\n```"]